{" ":516353,"!":3539,"\"":22,"#":1,"$":2,"%":1,"\u0026":1,"'":7,"(":170,")":170,"*":169,"+":5,",":48780,"-":4700,".":30480,"/":6,"0":205,"1":693,"2":227,"3":239,"4":160,"5":190,"6":142,"7":132,"8":404,"9":114,":":2501,";":5885,"?":2976,"A":7369,"B":3194,"C":4591,"D":1758,"E":4939,"F":2766,"G":2514,"H":6603,"I":10109,"J":2447,"K":320,"L":2454,"M":6212,"N":3060,"O":3411,"P":3426,"Q":135,"R":3541,"S":4411,"T":12571,"U":904,"V":2211,"W":3177,"X":333,"Y":1239,"Z":60,"[":164,"]":164,"_":2070,"a":199732,"b":34267,"c":62741,"d":106966,"e":325664,"f":53421,"g":46029,"h":170220,"i":165211,"j":3391,"k":14107,"l":97113,"m":56000,"n":166862,"o":180974,"p":39940,"q":2398,"r":145091,"s":157632,"t":223000,"u":67391,"v":24047,"w":53330,"x":3693,"y":37944,"z":1845,"{":1,"|":27,"}":1,"½":1,"À":5,"Æ":10,"Ç":2,"È":6,"É":146,"Ü":2,"à":59,"â":56,"æ":106,"ç":48,"è":293,"é":1327,"ê":74,"ë":5,"î":39,"ï":18,"ñ":2,"ô":34,"ù":18,"û":9,"ü":37,"Œ":3,"œ":35,"—":3144,"‘":224,"’":3707,"“":7119,"”":7048,"…":1,"﻿":1}
